// Jest Snapshot v1, https://goo.gl/fbAQLP

exports[`<CurrencyExchange /> spec Should matches snapshot 1`] = `
<DocumentFragment>
  <form>
    <div
      class="input-group border rounded p-3"
    >
      <input
        class="form-control-plaintext"
        type="number"
        value=""
      />
      <div
        class="input-group-addon my-3 font-weight-light fsizes"
      />
    </div>
  </form>
</DocumentFragment>
`;
